
optiboot_atmega644p.elf:     file format elf32-avr

Sections:
Idx Name          Size      VMA       LMA       File off  Algn
  0 .data         00000000  00800100  0000fe68  000002fc  2**0
                  CONTENTS, ALLOC, LOAD, DATA
  1 .text         00000268  0000fc00  0000fc00  00000094  2**1
                  CONTENTS, ALLOC, LOAD, READONLY, CODE
  2 .version      00000002  0000fffe  0000fffe  000002fc  2**0
                  CONTENTS, ALLOC, LOAD, READONLY, DATA
  3 .comment      00000011  00000000  00000000  000002fe  2**0
                  CONTENTS, READONLY
  4 .debug_aranges 00000030  00000000  00000000  0000030f  2**0
                  CONTENTS, READONLY, DEBUGGING
  5 .debug_info   000006e6  00000000  00000000  0000033f  2**0
                  CONTENTS, READONLY, DEBUGGING
  6 .debug_abbrev 00000298  00000000  00000000  00000a25  2**0
                  CONTENTS, READONLY, DEBUGGING
  7 .debug_line   0000039b  00000000  00000000  00000cbd  2**0
                  CONTENTS, READONLY, DEBUGGING
  8 .debug_frame  000000b4  00000000  00000000  00001058  2**2
                  CONTENTS, READONLY, DEBUGGING
  9 .debug_str    000001e2  00000000  00000000  0000110c  2**0
                  CONTENTS, READONLY, DEBUGGING
 10 .debug_loc    000004b4  00000000  00000000  000012ee  2**0
                  CONTENTS, READONLY, DEBUGGING
 11 .debug_ranges 00000020  00000000  00000000  000017a2  2**0
                  CONTENTS, READONLY, DEBUGGING

Disassembly of section .text:

0000fc00 <pre_main>:
/* everything that needs to run VERY early */
void pre_main(void) {
  // Allow convenient way of calling do_spm function - jump table,
  //   so entry to this function will always be here, indepedent of compilation,
  //   features etc
  asm volatile (
    fc00:	01 c0       	rjmp	.+2      	; 0xfc04 <main>
    fc02:	de c0       	rjmp	.+444    	; 0xfdc0 <do_spm>

0000fc04 <main>:
  );
}


/* main program starts here */
int main(void) {
    fc04:	1f 92       	push	r1
    fc06:	cd b7       	in	r28, 0x3d	; 61
    fc08:	de b7       	in	r29, 0x3e	; 62
  //  SP points to RAMEND
  //  r1 contains zero
  //
  // If not, uncomment the following instructions:
  // cli();
  asm volatile ("clr __zero_reg__");
    fc0a:	11 24       	eor	r1, r1
   * and still skip bootloader if not necessary
   * 
   * Code by MarkG55
   * see discusion in https://github.com/Optiboot/optiboot/issues/97
   */
  ch = MCUSR;
    fc0c:	84 b7       	in	r24, 0x34	; 52
  if (ch != 0) {
    fc0e:	88 23       	and	r24, r24
    fc10:	49 f0       	breq	.+18     	; 0xfc24 <main+0x20>
    if ((ch & (_BV(WDRF) | _BV(EXTRF))) != _BV(EXTRF)) { // To run the boot loader, External Reset Flag must be set and the Watchdog Flag MUST be cleared!  Otherwise jump straight to user code.
    fc12:	98 2f       	mov	r25, r24
    fc14:	9a 70       	andi	r25, 0x0A	; 10
    fc16:	92 30       	cpi	r25, 0x02	; 2
    fc18:	29 f0       	breq	.+10     	; 0xfc24 <main+0x20>
      if (ch & _BV(EXTRF)) 
    fc1a:	81 ff       	sbrs	r24, 1
    fc1c:	02 c0       	rjmp	.+4      	; 0xfc22 <main+0x1e>
          MCUSR = ~(_BV(WDRF));  // Clear WDRF because it was actually caused by bootloader
    fc1e:	97 ef       	ldi	r25, 0xF7	; 247
    fc20:	94 bf       	out	0x34, r25	; 52
      appStart(ch);
    fc22:	06 d1       	rcall	.+524    	; 0xfe30 <appStart>
    }
  }
  
#if LED_START_FLASHES > 0
  // Set up Timer 1 for timeout counter
  TCCR1B = _BV(CS12) | _BV(CS10); // div 1024
    fc24:	85 e0       	ldi	r24, 0x05	; 5
    fc26:	80 93 81 00 	sts	0x0081, r24
  UCSRA = _BV(U2X); //Double speed mode USART
  UCSRB = _BV(RXEN) | _BV(TXEN);  // enable Rx & Tx
  UCSRC = _BV(URSEL) | _BV(UCSZ1) | _BV(UCSZ0);  // config USART; 8N1
  UBRRL = (uint8_t)( (F_CPU + BAUD_RATE * 4L) / (BAUD_RATE * 8L) - 1 );
#else
  UART_SRA = _BV(U2X0); //Double speed mode USART0
    fc2a:	82 e0       	ldi	r24, 0x02	; 2
    fc2c:	80 93 c0 00 	sts	0x00C0, r24
  UART_SRB = _BV(RXEN0) | _BV(TXEN0);
    fc30:	88 e1       	ldi	r24, 0x18	; 24
    fc32:	80 93 c1 00 	sts	0x00C1, r24
  UART_SRC = _BV(UCSZ00) | _BV(UCSZ01);
    fc36:	86 e0       	ldi	r24, 0x06	; 6
    fc38:	80 93 c2 00 	sts	0x00C2, r24
  UART_SRL = (uint8_t)( (F_CPU + BAUD_RATE * 4L) / (BAUD_RATE * 8L) - 1 );
    fc3c:	80 e1       	ldi	r24, 0x10	; 16
    fc3e:	80 93 c4 00 	sts	0x00C4, r24
#endif
#endif

  // Set up watchdog to trigger after 1s
  watchdogConfig(WATCHDOG_1S);
    fc42:	8e e0       	ldi	r24, 0x0E	; 14
    fc44:	e0 d0       	rcall	.+448    	; 0xfe06 <watchdogConfig>

#if (LED_START_FLASHES > 0) || defined(LED_DATA_FLASH)
  /* Set LED pin as output */
  LED_DDR |= _BV(LED);
    fc46:	20 9a       	sbi	0x04, 0	; 4
    fc48:	26 e0       	ldi	r18, 0x06	; 6
}

#if LED_START_FLASHES > 0
void flash_led(uint8_t count) {
  do {
    TCNT1 = -(F_CPU/(1024*16));
    fc4a:	80 e3       	ldi	r24, 0x30	; 48
    fc4c:	9c ef       	ldi	r25, 0xFC	; 252
    TIFR1 = _BV(TOV1);
    fc4e:	31 e0       	ldi	r19, 0x01	; 1
}

#if LED_START_FLASHES > 0
void flash_led(uint8_t count) {
  do {
    TCNT1 = -(F_CPU/(1024*16));
    fc50:	90 93 85 00 	sts	0x0085, r25
    fc54:	80 93 84 00 	sts	0x0084, r24
    TIFR1 = _BV(TOV1);
    fc58:	36 bb       	out	0x16, r19	; 22
    while(!(TIFR1 & _BV(TOV1)));
    fc5a:	b0 9b       	sbis	0x16, 0	; 22
    fc5c:	fe cf       	rjmp	.-4      	; 0xfc5a <main+0x56>
#if defined(__AVR_ATmega8__)  || defined (__AVR_ATmega32__)
    LED_PORT ^= _BV(LED);
#else
    LED_PIN |= _BV(LED);
    fc5e:	18 9a       	sbi	0x03, 0	; 3
}
#endif

// Watchdog functions. These are only safe with interrupts turned off.
void watchdogReset() {
  __asm__ __volatile__ (
    fc60:	a8 95       	wdr
    fc62:	21 50       	subi	r18, 0x01	; 1
    LED_PORT ^= _BV(LED);
#else
    LED_PIN |= _BV(LED);
#endif
    watchdogReset();
  } while (--count);
    fc64:	a9 f7       	brne	.-22     	; 0xfc50 <main+0x4c>
    fc66:	81 2c       	mov	r8, r1
    fc68:	91 2c       	mov	r9, r1
#endif

  /* Forever loop: exits by causing WDT reset */
  for (;;) {
    /* get character from UART */
    ch = getch();
    fc6a:	c1 d0       	rcall	.+386    	; 0xfdee <getch>

    if(ch == STK_GET_PARAMETER) {
    fc6c:	81 34       	cpi	r24, 0x41	; 65
    fc6e:	79 f4       	brne	.+30     	; 0xfc8e <main+0x8a>
      unsigned char which = getch();
    fc70:	be d0       	rcall	.+380    	; 0xfdee <getch>
      verifySpace();
    fc72:	89 83       	std	Y+1, r24	; 0x01
    fc74:	ce d0       	rcall	.+412    	; 0xfe12 <verifySpace>
      /*
       * Send optiboot version as "SW version"
       * Note that the references to memory are optimized away.
       */
      if (which == 0x82) {
    fc76:	89 81       	ldd	r24, Y+1	; 0x01
    fc78:	82 38       	cpi	r24, 0x82	; 130
    fc7a:	11 f4       	brne	.+4      	; 0xfc80 <main+0x7c>
	  putch(optiboot_version & 0xFF);
    fc7c:	82 e0       	ldi	r24, 0x02	; 2
    fc7e:	05 c0       	rjmp	.+10     	; 0xfc8a <main+0x86>
      } else if (which == 0x81) {
    fc80:	81 38       	cpi	r24, 0x81	; 129
    fc82:	11 f4       	brne	.+4      	; 0xfc88 <main+0x84>
	  putch(optiboot_version >> 8);
    fc84:	86 e0       	ldi	r24, 0x06	; 6
    fc86:	01 c0       	rjmp	.+2      	; 0xfc8a <main+0x86>
      } else {
	/*
	 * GET PARAMETER returns a generic 0x03 reply for
         * other parameters - enough to keep Avrdude happy
	 */
	putch(0x03);
    fc88:	83 e0       	ldi	r24, 0x03	; 3
    fc8a:	aa d0       	rcall	.+340    	; 0xfde0 <putch>
    fc8c:	96 c0       	rjmp	.+300    	; 0xfdba <main+0x1b6>
      }
    }
    else if(ch == STK_SET_DEVICE) {
    fc8e:	82 34       	cpi	r24, 0x42	; 66
    fc90:	11 f4       	brne	.+4      	; 0xfc96 <main+0x92>
      // SET DEVICE is ignored
      getNch(20);
    fc92:	84 e1       	ldi	r24, 0x14	; 20
    fc94:	03 c0       	rjmp	.+6      	; 0xfc9c <main+0x98>
    }
    else if(ch == STK_SET_DEVICE_EXT) {
    fc96:	85 34       	cpi	r24, 0x45	; 69
    fc98:	19 f4       	brne	.+6      	; 0xfca0 <main+0x9c>
      // SET DEVICE EXT is ignored
      getNch(5);
    fc9a:	85 e0       	ldi	r24, 0x05	; 5
    fc9c:	c2 d0       	rcall	.+388    	; 0xfe22 <getNch>
    fc9e:	8d c0       	rjmp	.+282    	; 0xfdba <main+0x1b6>
    }
    else if(ch == STK_LOAD_ADDRESS) {
    fca0:	85 35       	cpi	r24, 0x55	; 85
    fca2:	41 f4       	brne	.+16     	; 0xfcb4 <main+0xb0>
      // LOAD ADDRESS
      uint16_t newAddress;
      newAddress = getch();
    fca4:	a4 d0       	rcall	.+328    	; 0xfdee <getch>
    fca6:	88 2e       	mov	r8, r24
      newAddress = (newAddress & 0xff) | (getch() << 8);
    fca8:	a2 d0       	rcall	.+324    	; 0xfdee <getch>
    fcaa:	91 2c       	mov	r9, r1
    fcac:	98 2a       	or	r9, r24
#ifdef RAMPZ
      // Transfer top bit to RAMPZ
      RAMPZ = (newAddress & 0x8000) ? 1 : 0;
#endif
      newAddress += newAddress; // Convert from word address to byte address
    fcae:	88 0c       	add	r8, r8
    fcb0:	99 1c       	adc	r9, r9
    fcb2:	82 c0       	rjmp	.+260    	; 0xfdb8 <main+0x1b4>
      address = newAddress;
      verifySpace();
    }
    else if(ch == STK_UNIVERSAL) {
    fcb4:	86 35       	cpi	r24, 0x56	; 86
    fcb6:	21 f4       	brne	.+8      	; 0xfcc0 <main+0xbc>
      // UNIVERSAL command is ignored
      getNch(4);
    fcb8:	84 e0       	ldi	r24, 0x04	; 4
    fcba:	b3 d0       	rcall	.+358    	; 0xfe22 <getNch>
      putch(0x00);
    fcbc:	80 e0       	ldi	r24, 0x00	; 0
    fcbe:	e5 cf       	rjmp	.-54     	; 0xfc8a <main+0x86>
    }
    /* Write memory, length is big endian and is in bytes */
    else if(ch == STK_PROG_PAGE) {
    fcc0:	84 36       	cpi	r24, 0x64	; 100
    fcc2:	09 f0       	breq	.+2      	; 0xfcc6 <main+0xc2>
    fcc4:	48 c0       	rjmp	.+144    	; 0xfd56 <main+0x152>
      // PROGRAM PAGE - we support flash programming only, not EEPROM
      uint8_t desttype;
      uint8_t *bufPtr;
      pagelen_t savelength;

      GETLENGTH(length);
    fcc6:	93 d0       	rcall	.+294    	; 0xfdee <getch>
    fcc8:	e8 2e       	mov	r14, r24
    fcca:	f1 2c       	mov	r15, r1
    fccc:	fe 2c       	mov	r15, r14
    fcce:	ee 24       	eor	r14, r14
    fcd0:	8e d0       	rcall	.+284    	; 0xfdee <getch>
    fcd2:	e8 2a       	or	r14, r24
      savelength = length;
      desttype = getch();
    fcd4:	8c d0       	rcall	.+280    	; 0xfdee <getch>
    fcd6:	b8 2e       	mov	r11, r24
      // PROGRAM PAGE - we support flash programming only, not EEPROM
      uint8_t desttype;
      uint8_t *bufPtr;
      pagelen_t savelength;

      GETLENGTH(length);
    fcd8:	87 01       	movw	r16, r14
      savelength = length;
      desttype = getch();
    fcda:	c1 2c       	mov	r12, r1
    fcdc:	dd 24       	eor	r13, r13
    fcde:	d3 94       	inc	r13

      // read a page worth of contents
      bufPtr = buff;
      do *bufPtr++ = getch();
    fce0:	86 d0       	rcall	.+268    	; 0xfdee <getch>
    fce2:	f6 01       	movw	r30, r12
    fce4:	81 93       	st	Z+, r24
    fce6:	6f 01       	movw	r12, r30
      while (--length);
    fce8:	01 50       	subi	r16, 0x01	; 1
    fcea:	11 09       	sbc	r17, r1
    fcec:	c9 f7       	brne	.-14     	; 0xfce0 <main+0xdc>

      // Read command terminator, start reply
      verifySpace();
    fcee:	91 d0       	rcall	.+290    	; 0xfe12 <verifySpace>
 * void writebuffer(memtype, buffer, address, length)
 */
static inline void writebuffer(int8_t memtype, uint8_t *mybuff,
			       uint16_t address, pagelen_t len)
{
    switch (memtype) {
    fcf0:	f5 e4       	ldi	r31, 0x45	; 69
    fcf2:	bf 12       	cpse	r11, r31
    fcf4:	12 c0       	rjmp	.+36     	; 0xfd1a <main+0x116>
    fcf6:	e8 0c       	add	r14, r8
    fcf8:	f9 1c       	adc	r15, r9
    fcfa:	84 01       	movw	r16, r8
    fcfc:	c1 2c       	mov	r12, r1
    fcfe:	dd 24       	eor	r13, r13
    fd00:	d3 94       	inc	r13
    case 'E': // EEPROM
#if defined(SUPPORT_EEPROM) || defined(BIGBOOT)
        while(len--) {
    fd02:	0e 15       	cp	r16, r14
    fd04:	1f 05       	cpc	r17, r15
    fd06:	09 f4       	brne	.+2      	; 0xfd0a <main+0x106>
    fd08:	58 c0       	rjmp	.+176    	; 0xfdba <main+0x1b6>
	    eeprom_write_byte((uint8_t *)(address++), *mybuff++);
    fd0a:	f6 01       	movw	r30, r12
    fd0c:	61 91       	ld	r22, Z+
    fd0e:	6f 01       	movw	r12, r30
    fd10:	c8 01       	movw	r24, r16
    fd12:	9c d0       	rcall	.+312    	; 0xfe4c <__eewr_byte_m644p>
    fd14:	0f 5f       	subi	r16, 0xFF	; 255
    fd16:	1f 4f       	sbci	r17, 0xFF	; 255
    fd18:	f4 cf       	rjmp	.-24     	; 0xfd02 <main+0xfe>
	     * Start the page erase and wait for it to finish.  There
	     * used to be code to do this while receiving the data over
	     * the serial link, but the performance improvement was slight,
	     * and we needed the space back.
	     */
	    do_spm((uint16_t)(void*)address,__BOOT_PAGE_ERASE,0);
    fd1a:	40 e0       	ldi	r20, 0x00	; 0
    fd1c:	50 e0       	ldi	r21, 0x00	; 0
    fd1e:	63 e0       	ldi	r22, 0x03	; 3
    fd20:	c4 01       	movw	r24, r8
    fd22:	4e d0       	rcall	.+156    	; 0xfdc0 <do_spm>
    fd24:	00 e0       	ldi	r16, 0x00	; 0
    fd26:	10 e0       	ldi	r17, 0x00	; 0
    fd28:	f8 01       	movw	r30, r16
    fd2a:	f3 95       	inc	r31
	    /*
	     * Copy data from the buffer into the flash write buffer.
	     */
	    do {
		uint16_t a;
		a = *bufPtr++;
    fd2c:	40 81       	ld	r20, Z
    fd2e:	31 96       	adiw	r30, 0x01	; 1
		a |= (*bufPtr++) << 8;
    fd30:	80 81       	ld	r24, Z
    fd32:	50 e0       	ldi	r21, 0x00	; 0
    fd34:	58 2b       	or	r21, r24
		do_spm((uint16_t)(void*)addrPtr,__BOOT_PAGE_FILL,a);
    fd36:	61 e0       	ldi	r22, 0x01	; 1
    fd38:	c8 01       	movw	r24, r16
    fd3a:	88 0d       	add	r24, r8
    fd3c:	99 1d       	adc	r25, r9
    fd3e:	40 d0       	rcall	.+128    	; 0xfdc0 <do_spm>
    fd40:	0e 5f       	subi	r16, 0xFE	; 254
    fd42:	1f 4f       	sbci	r17, 0xFF	; 255
		addrPtr += 2;
	    } while (len -= 2);
    fd44:	e0 16       	cp	r14, r16
    fd46:	f1 06       	cpc	r15, r17
    fd48:	79 f7       	brne	.-34     	; 0xfd28 <main+0x124>

	    /*
	     * Actually Write the buffer to flash (and wait for it to finish.)
	     */
	    do_spm((uint16_t)(void*)address,__BOOT_PAGE_WRITE,0);
    fd4a:	40 e0       	ldi	r20, 0x00	; 0
    fd4c:	50 e0       	ldi	r21, 0x00	; 0
    fd4e:	65 e0       	ldi	r22, 0x05	; 5
    fd50:	c4 01       	movw	r24, r8
    fd52:	36 d0       	rcall	.+108    	; 0xfdc0 <do_spm>
    fd54:	32 c0       	rjmp	.+100    	; 0xfdba <main+0x1b6>
      writebuffer(desttype, buff, address, savelength);


    }
    /* Read memory block mode, length is big endian.  */
    else if(ch == STK_READ_PAGE) {
    fd56:	84 37       	cpi	r24, 0x74	; 116
    fd58:	11 f5       	brne	.+68     	; 0xfd9e <main+0x19a>
      uint8_t desttype;
      GETLENGTH(length);
    fd5a:	49 d0       	rcall	.+146    	; 0xfdee <getch>
    fd5c:	08 2f       	mov	r16, r24
    fd5e:	10 e0       	ldi	r17, 0x00	; 0
    fd60:	10 2f       	mov	r17, r16
    fd62:	00 27       	eor	r16, r16
    fd64:	44 d0       	rcall	.+136    	; 0xfdee <getch>
    fd66:	08 2b       	or	r16, r24

      desttype = getch();
    fd68:	42 d0       	rcall	.+132    	; 0xfdee <getch>

      verifySpace();
    fd6a:	89 83       	std	Y+1, r24	; 0x01
    fd6c:	52 d0       	rcall	.+164    	; 0xfe12 <verifySpace>

static inline void read_mem(uint8_t memtype, uint16_t address, pagelen_t length)
{
    uint8_t ch;

    switch (memtype) {
    fd6e:	89 81       	ldd	r24, Y+1	; 0x01
    fd70:	74 01       	movw	r14, r8
    fd72:	85 34       	cpi	r24, 0x45	; 69
    fd74:	61 f4       	brne	.+24     	; 0xfd8e <main+0x18a>

#if defined(SUPPORT_EEPROM) || defined(BIGBOOT)
    case 'E': // EEPROM
	do {
	    putch(eeprom_read_byte((uint8_t *)(address++)));
    fd76:	c7 01       	movw	r24, r14
    fd78:	61 d0       	rcall	.+194    	; 0xfe3c <__eerd_byte_m644p>
    fd7a:	32 d0       	rcall	.+100    	; 0xfde0 <putch>
	} while (--length);
    fd7c:	01 50       	subi	r16, 0x01	; 1
    fd7e:	11 09       	sbc	r17, r1
    fd80:	ff ef       	ldi	r31, 0xFF	; 255
    fd82:	ef 1a       	sub	r14, r31
    fd84:	ff 0a       	sbc	r15, r31
    fd86:	01 15       	cp	r16, r1
    fd88:	11 05       	cpc	r17, r1
    fd8a:	a9 f7       	brne	.-22     	; 0xfd76 <main+0x172>
    fd8c:	16 c0       	rjmp	.+44     	; 0xfdba <main+0x1b6>
	    __asm__ ("elpm %0,Z+\n" : "=r" (ch), "=z" (address): "1" (address));
#else
	    // read a Flash byte and increment the address
	    __asm__ ("lpm %0,Z+\n" : "=r" (ch), "=z" (address): "1" (address));
#endif
	    putch(ch);
    fd8e:	f7 01       	movw	r30, r14
    fd90:	85 91       	lpm	r24, Z+
    fd92:	7f 01       	movw	r14, r30
    fd94:	25 d0       	rcall	.+74     	; 0xfde0 <putch>
	} while (--length);
    fd96:	01 50       	subi	r16, 0x01	; 1
    fd98:	11 09       	sbc	r17, r1
    fd9a:	c9 f7       	brne	.-14     	; 0xfd8e <main+0x18a>
    fd9c:	0e c0       	rjmp	.+28     	; 0xfdba <main+0x1b6>

      read_mem(desttype, address, length);
    }

    /* Get device signature bytes  */
    else if(ch == STK_READ_SIGN) {
    fd9e:	85 37       	cpi	r24, 0x75	; 117
    fda0:	39 f4       	brne	.+14     	; 0xfdb0 <main+0x1ac>
      // READ SIGN - return what Avrdude wants to hear
      verifySpace();
    fda2:	37 d0       	rcall	.+110    	; 0xfe12 <verifySpace>
      putch(SIGNATURE_0);
    fda4:	8e e1       	ldi	r24, 0x1E	; 30
    fda6:	1c d0       	rcall	.+56     	; 0xfde0 <putch>
      putch(SIGNATURE_1);
    fda8:	86 e9       	ldi	r24, 0x96	; 150
    fdaa:	1a d0       	rcall	.+52     	; 0xfde0 <putch>
      putch(SIGNATURE_2);
    fdac:	8a e0       	ldi	r24, 0x0A	; 10
    fdae:	6d cf       	rjmp	.-294    	; 0xfc8a <main+0x86>
    }
    else if (ch == STK_LEAVE_PROGMODE) { /* 'Q' */
    fdb0:	81 35       	cpi	r24, 0x51	; 81
    fdb2:	11 f4       	brne	.+4      	; 0xfdb8 <main+0x1b4>
      // Adaboot no-wait mod
      watchdogConfig(WATCHDOG_16MS);
    fdb4:	88 e0       	ldi	r24, 0x08	; 8
    fdb6:	27 d0       	rcall	.+78     	; 0xfe06 <watchdogConfig>
      verifySpace();
    }
    else {
      // This covers the response to commands like STK_ENTER_PROGMODE
      verifySpace();
    fdb8:	2c d0       	rcall	.+88     	; 0xfe12 <verifySpace>
    }
    putch(STK_OK);
    fdba:	80 e1       	ldi	r24, 0x10	; 16
    fdbc:	11 d0       	rcall	.+34     	; 0xfde0 <putch>
  }
    fdbe:	55 cf       	rjmp	.-342    	; 0xfc6a <main+0x66>

0000fdc0 <do_spm>:
 *   you could do fill-erase-write sequence with data!=0 in ERASE and
 *   data=0 in WRITE
 */
static void do_spm(uint16_t address, uint8_t command, uint16_t data) {
    // Do spm stuff
    asm volatile (
    fdc0:	fc 01       	movw	r30, r24
    fdc2:	0a 01       	movw	r0, r20
    fdc4:	67 bf       	out	0x37, r22	; 55
    fdc6:	e8 95       	spm
    fdc8:	11 24       	eor	r1, r1
    );

    // wait for spm to complete
    //   it doesn't have much sense for __BOOT_PAGE_FILL,
    //   but it doesn't hurt and saves some bytes on 'if'
    boot_spm_busy_wait();
    fdca:	07 b6       	in	r0, 0x37	; 55
    fdcc:	00 fc       	sbrc	r0, 0
    fdce:	fd cf       	rjmp	.-6      	; 0xfdca <do_spm+0xa>
#if defined(RWWSRE)
    // this 'if' condition should be: (command == __BOOT_PAGE_WRITE || command == __BOOT_PAGE_ERASE)...
    // but it's tweaked a little assuming that in every command we are interested in here, there
    // must be also SELFPRGEN set. If we skip checking this bit, we save here 4B
    if ((command & (_BV(PGWRT)|_BV(PGERS))) && (data == 0) ) {
    fdd0:	66 70       	andi	r22, 0x06	; 6
    fdd2:	29 f0       	breq	.+10     	; 0xfdde <do_spm+0x1e>
    fdd4:	45 2b       	or	r20, r21
    fdd6:	19 f4       	brne	.+6      	; 0xfdde <do_spm+0x1e>
      // Reenable read access to flash
      boot_rww_enable();
    fdd8:	81 e1       	ldi	r24, 0x11	; 17
    fdda:	87 bf       	out	0x37, r24	; 55
    fddc:	e8 95       	spm
    fdde:	08 95       	ret

0000fde0 <putch>:
  }
}

void putch(char ch) {
#ifndef SOFT_UART
  while (!(UART_SRA & _BV(UDRE0)));
    fde0:	90 91 c0 00 	lds	r25, 0x00C0
    fde4:	95 ff       	sbrs	r25, 5
    fde6:	fc cf       	rjmp	.-8      	; 0xfde0 <putch>
  UART_UDR = ch;
    fde8:	80 93 c6 00 	sts	0x00C6, r24
    fdec:	08 95       	ret

0000fdee <getch>:
      [uartBit] "I" (UART_RX_BIT)
    :
      "r25"
);
#else
  while(!(UART_SRA & _BV(RXC0)))
    fdee:	80 91 c0 00 	lds	r24, 0x00C0
    fdf2:	87 ff       	sbrs	r24, 7
    fdf4:	fc cf       	rjmp	.-8      	; 0xfdee <getch>
    ;
  if (!(UART_SRA & _BV(FE0))) {
    fdf6:	80 91 c0 00 	lds	r24, 0x00C0
    fdfa:	84 fd       	sbrc	r24, 4
    fdfc:	01 c0       	rjmp	.+2      	; 0xfe00 <getch+0x12>
}
#endif

// Watchdog functions. These are only safe with interrupts turned off.
void watchdogReset() {
  __asm__ __volatile__ (
    fdfe:	a8 95       	wdr
       * don't care that an invalid char is returned...)
       */
    watchdogReset();
  }

  ch = UART_UDR;
    fe00:	80 91 c6 00 	lds	r24, 0x00C6
  LED_PIN |= _BV(LED);
#endif
#endif

  return ch;
}
    fe04:	08 95       	ret

0000fe06 <watchdogConfig>:
    "wdr\n"
  );
}

void watchdogConfig(uint8_t x) {
  WDTCSR = _BV(WDCE) | _BV(WDE);
    fe06:	e0 e6       	ldi	r30, 0x60	; 96
    fe08:	f0 e0       	ldi	r31, 0x00	; 0
    fe0a:	98 e1       	ldi	r25, 0x18	; 24
    fe0c:	90 83       	st	Z, r25
  WDTCSR = x;
    fe0e:	80 83       	st	Z, r24
    fe10:	08 95       	ret

0000fe12 <verifySpace>:
  do getch(); while (--count);
  verifySpace();
}

void verifySpace() {
  if (getch() != CRC_EOP) {
    fe12:	ed df       	rcall	.-38     	; 0xfdee <getch>
    fe14:	80 32       	cpi	r24, 0x20	; 32
    fe16:	19 f0       	breq	.+6      	; 0xfe1e <verifySpace+0xc>
    watchdogConfig(WATCHDOG_16MS);    // shorten WD timeout
    fe18:	88 e0       	ldi	r24, 0x08	; 8
    fe1a:	f5 df       	rcall	.-22     	; 0xfe06 <watchdogConfig>
    fe1c:	ff cf       	rjmp	.-2      	; 0xfe1c <verifySpace+0xa>
    while (1)			      // and busy-loop so that WD causes
      ;				      //  a reset and app start.
  }
  putch(STK_INSYNC);
    fe1e:	84 e1       	ldi	r24, 0x14	; 20
    fe20:	df cf       	rjmp	.-66     	; 0xfde0 <putch>

0000fe22 <getNch>:
    ::[count] "M" (UART_B_VALUE)
  );
}
#endif

void getNch(uint8_t count) {
    fe22:	cf 93       	push	r28
    fe24:	c8 2f       	mov	r28, r24
  do getch(); while (--count);
    fe26:	e3 df       	rcall	.-58     	; 0xfdee <getch>
    fe28:	c1 50       	subi	r28, 0x01	; 1
    fe2a:	e9 f7       	brne	.-6      	; 0xfe26 <getNch+0x4>
  verifySpace();
}
    fe2c:	cf 91       	pop	r28
}
#endif

void getNch(uint8_t count) {
  do getch(); while (--count);
  verifySpace();
    fe2e:	f1 cf       	rjmp	.-30     	; 0xfe12 <verifySpace>

0000fe30 <appStart>:

void appStart(uint8_t rstFlags) {
  // save the reset flags in the designated register
  //  This can be saved in a main program by putting code in .init0 (which
  //  executes before normal c init code) to save R2 to a global variable.
  __asm__ __volatile__ ("mov r2, %0\n" :: "r" (rstFlags));
    fe30:	28 2e       	mov	r2, r24

  watchdogConfig(WATCHDOG_OFF);
    fe32:	80 e0       	ldi	r24, 0x00	; 0
    fe34:	e8 df       	rcall	.-48     	; 0xfe06 <watchdogConfig>
  // Note that appstart_vec is defined so that this works with either
  // real or virtual boot partitions.
  __asm__ __volatile__ (
    fe36:	e0 e0       	ldi	r30, 0x00	; 0
    fe38:	ff 27       	eor	r31, r31
    fe3a:	09 94       	ijmp

0000fe3c <__eerd_byte_m644p>:
    fe3c:	f9 99       	sbic	0x1f, 1	; 31
    fe3e:	fe cf       	rjmp	.-4      	; 0xfe3c <__eerd_byte_m644p>
    fe40:	92 bd       	out	0x22, r25	; 34
    fe42:	81 bd       	out	0x21, r24	; 33
    fe44:	f8 9a       	sbi	0x1f, 0	; 31
    fe46:	99 27       	eor	r25, r25
    fe48:	80 b5       	in	r24, 0x20	; 32
    fe4a:	08 95       	ret

0000fe4c <__eewr_byte_m644p>:
    fe4c:	26 2f       	mov	r18, r22

0000fe4e <__eewr_r18_m644p>:
    fe4e:	f9 99       	sbic	0x1f, 1	; 31
    fe50:	fe cf       	rjmp	.-4      	; 0xfe4e <__eewr_r18_m644p>
    fe52:	1f ba       	out	0x1f, r1	; 31
    fe54:	92 bd       	out	0x22, r25	; 34
    fe56:	81 bd       	out	0x21, r24	; 33
    fe58:	20 bd       	out	0x20, r18	; 32
    fe5a:	0f b6       	in	r0, 0x3f	; 63
    fe5c:	f8 94       	cli
    fe5e:	fa 9a       	sbi	0x1f, 2	; 31
    fe60:	f9 9a       	sbi	0x1f, 1	; 31
    fe62:	0f be       	out	0x3f, r0	; 63
    fe64:	01 96       	adiw	r24, 0x01	; 1
    fe66:	08 95       	ret
