
optiboot_atmega2560.elf:     file format elf32-avr

Sections:
Idx Name          Size      VMA       LMA       File off  Algn
  0 .data         00000000  00800200  0003fe8e  00000322  2**0
                  CONTENTS, ALLOC, LOAD, DATA
  1 .text         0000028e  0003fc00  0003fc00  00000094  2**1
                  CONTENTS, ALLOC, LOAD, READONLY, CODE
  2 .version      00000002  0003fffe  0003fffe  00000322  2**0
                  CONTENTS, ALLOC, LOAD, READONLY, DATA
  3 .comment      00000011  00000000  00000000  00000324  2**0
                  CONTENTS, READONLY
  4 .debug_aranges 00000030  00000000  00000000  00000335  2**0
                  CONTENTS, READONLY, DEBUGGING
  5 .debug_info   000006f7  00000000  00000000  00000365  2**0
                  CONTENTS, READONLY, DEBUGGING
  6 .debug_abbrev 00000298  00000000  00000000  00000a5c  2**0
                  CONTENTS, READONLY, DEBUGGING
  7 .debug_line   000003cb  00000000  00000000  00000cf4  2**0
                  CONTENTS, READONLY, DEBUGGING
  8 .debug_frame  000000b4  00000000  00000000  000010c0  2**2
                  CONTENTS, READONLY, DEBUGGING
  9 .debug_str    000001e2  00000000  00000000  00001174  2**0
                  CONTENTS, READONLY, DEBUGGING
 10 .debug_loc    000004b4  00000000  00000000  00001356  2**0
                  CONTENTS, READONLY, DEBUGGING
 11 .debug_ranges 00000020  00000000  00000000  0000180a  2**0
                  CONTENTS, READONLY, DEBUGGING

Disassembly of section .text:

0003fc00 <pre_main>:
/* everything that needs to run VERY early */
void pre_main(void) {
  // Allow convenient way of calling do_spm function - jump table,
  //   so entry to this function will always be here, indepedent of compilation,
  //   features etc
  asm volatile (
   3fc00:	01 c0       	rjmp	.+2      	; 0x3fc04 <main>
   3fc02:	f1 c0       	rjmp	.+482    	; 0x3fde6 <do_spm>

0003fc04 <main>:
  );
}


/* main program starts here */
int main(void) {
   3fc04:	1f 92       	push	r1
   3fc06:	cd b7       	in	r28, 0x3d	; 61
   3fc08:	de b7       	in	r29, 0x3e	; 62
  //  SP points to RAMEND
  //  r1 contains zero
  //
  // If not, uncomment the following instructions:
  // cli();
  asm volatile ("clr __zero_reg__");
   3fc0a:	11 24       	eor	r1, r1
   * and still skip bootloader if not necessary
   * 
   * Code by MarkG55
   * see discusion in https://github.com/Optiboot/optiboot/issues/97
   */
  ch = MCUSR;
   3fc0c:	84 b7       	in	r24, 0x34	; 52
  if (ch != 0) {
   3fc0e:	88 23       	and	r24, r24
   3fc10:	49 f0       	breq	.+18     	; 0x3fc24 <main+0x20>
    if ((ch & (_BV(WDRF) | _BV(EXTRF))) != _BV(EXTRF)) { // To run the boot loader, External Reset Flag must be set and the Watchdog Flag MUST be cleared!  Otherwise jump straight to user code.
   3fc12:	98 2f       	mov	r25, r24
   3fc14:	9a 70       	andi	r25, 0x0A	; 10
   3fc16:	92 30       	cpi	r25, 0x02	; 2
   3fc18:	29 f0       	breq	.+10     	; 0x3fc24 <main+0x20>
      if (ch & _BV(EXTRF)) 
   3fc1a:	81 ff       	sbrs	r24, 1
   3fc1c:	02 c0       	rjmp	.+4      	; 0x3fc22 <main+0x1e>
          MCUSR = ~(_BV(WDRF));  // Clear WDRF because it was actually caused by bootloader
   3fc1e:	97 ef       	ldi	r25, 0xF7	; 247
   3fc20:	94 bf       	out	0x34, r25	; 52
      appStart(ch);
   3fc22:	19 d1       	rcall	.+562    	; 0x3fe56 <appStart>
    }
  }
  
#if LED_START_FLASHES > 0
  // Set up Timer 1 for timeout counter
  TCCR1B = _BV(CS12) | _BV(CS10); // div 1024
   3fc24:	85 e0       	ldi	r24, 0x05	; 5
   3fc26:	80 93 81 00 	sts	0x0081, r24
  UCSRA = _BV(U2X); //Double speed mode USART
  UCSRB = _BV(RXEN) | _BV(TXEN);  // enable Rx & Tx
  UCSRC = _BV(URSEL) | _BV(UCSZ1) | _BV(UCSZ0);  // config USART; 8N1
  UBRRL = (uint8_t)( (F_CPU + BAUD_RATE * 4L) / (BAUD_RATE * 8L) - 1 );
#else
  UART_SRA = _BV(U2X0); //Double speed mode USART0
   3fc2a:	82 e0       	ldi	r24, 0x02	; 2
   3fc2c:	80 93 c0 00 	sts	0x00C0, r24
  UART_SRB = _BV(RXEN0) | _BV(TXEN0);
   3fc30:	88 e1       	ldi	r24, 0x18	; 24
   3fc32:	80 93 c1 00 	sts	0x00C1, r24
  UART_SRC = _BV(UCSZ00) | _BV(UCSZ01);
   3fc36:	86 e0       	ldi	r24, 0x06	; 6
   3fc38:	80 93 c2 00 	sts	0x00C2, r24
  UART_SRL = (uint8_t)( (F_CPU + BAUD_RATE * 4L) / (BAUD_RATE * 8L) - 1 );
   3fc3c:	80 e1       	ldi	r24, 0x10	; 16
   3fc3e:	80 93 c4 00 	sts	0x00C4, r24
#endif
#endif

  // Set up watchdog to trigger after 1s
  watchdogConfig(WATCHDOG_1S);
   3fc42:	8e e0       	ldi	r24, 0x0E	; 14
   3fc44:	f3 d0       	rcall	.+486    	; 0x3fe2c <watchdogConfig>

#if (LED_START_FLASHES > 0) || defined(LED_DATA_FLASH)
  /* Set LED pin as output */
  LED_DDR |= _BV(LED);
   3fc46:	27 9a       	sbi	0x04, 7	; 4
   3fc48:	26 e0       	ldi	r18, 0x06	; 6
}

#if LED_START_FLASHES > 0
void flash_led(uint8_t count) {
  do {
    TCNT1 = -(F_CPU/(1024*16));
   3fc4a:	80 e3       	ldi	r24, 0x30	; 48
   3fc4c:	9c ef       	ldi	r25, 0xFC	; 252
    TIFR1 = _BV(TOV1);
   3fc4e:	31 e0       	ldi	r19, 0x01	; 1
}

#if LED_START_FLASHES > 0
void flash_led(uint8_t count) {
  do {
    TCNT1 = -(F_CPU/(1024*16));
   3fc50:	90 93 85 00 	sts	0x0085, r25
   3fc54:	80 93 84 00 	sts	0x0084, r24
    TIFR1 = _BV(TOV1);
   3fc58:	36 bb       	out	0x16, r19	; 22
    while(!(TIFR1 & _BV(TOV1)));
   3fc5a:	b0 9b       	sbis	0x16, 0	; 22
   3fc5c:	fe cf       	rjmp	.-4      	; 0x3fc5a <main+0x56>
#if defined(__AVR_ATmega8__)  || defined (__AVR_ATmega32__)
    LED_PORT ^= _BV(LED);
#else
    LED_PIN |= _BV(LED);
   3fc5e:	1f 9a       	sbi	0x03, 7	; 3
}
#endif

// Watchdog functions. These are only safe with interrupts turned off.
void watchdogReset() {
  __asm__ __volatile__ (
   3fc60:	a8 95       	wdr
   3fc62:	21 50       	subi	r18, 0x01	; 1
    LED_PORT ^= _BV(LED);
#else
    LED_PIN |= _BV(LED);
#endif
    watchdogReset();
  } while (--count);
   3fc64:	a9 f7       	brne	.-22     	; 0x3fc50 <main+0x4c>
   3fc66:	81 2c       	mov	r8, r1
   3fc68:	91 2c       	mov	r9, r1
#endif

  /* Forever loop: exits by causing WDT reset */
  for (;;) {
    /* get character from UART */
    ch = getch();
   3fc6a:	d4 d0       	rcall	.+424    	; 0x3fe14 <getch>

    if(ch == STK_GET_PARAMETER) {
   3fc6c:	81 34       	cpi	r24, 0x41	; 65
   3fc6e:	79 f4       	brne	.+30     	; 0x3fc8e <main+0x8a>
      unsigned char which = getch();
   3fc70:	d1 d0       	rcall	.+418    	; 0x3fe14 <getch>
      verifySpace();
   3fc72:	89 83       	std	Y+1, r24	; 0x01
   3fc74:	e1 d0       	rcall	.+450    	; 0x3fe38 <verifySpace>
      /*
       * Send optiboot version as "SW version"
       * Note that the references to memory are optimized away.
       */
      if (which == 0x82) {
   3fc76:	89 81       	ldd	r24, Y+1	; 0x01
   3fc78:	82 38       	cpi	r24, 0x82	; 130
   3fc7a:	11 f4       	brne	.+4      	; 0x3fc80 <main+0x7c>
	  putch(optiboot_version & 0xFF);
   3fc7c:	82 e0       	ldi	r24, 0x02	; 2
   3fc7e:	05 c0       	rjmp	.+10     	; 0x3fc8a <main+0x86>
      } else if (which == 0x81) {
   3fc80:	81 38       	cpi	r24, 0x81	; 129
   3fc82:	11 f4       	brne	.+4      	; 0x3fc88 <main+0x84>
	  putch(optiboot_version >> 8);
   3fc84:	86 e0       	ldi	r24, 0x06	; 6
   3fc86:	01 c0       	rjmp	.+2      	; 0x3fc8a <main+0x86>
      } else {
	/*
	 * GET PARAMETER returns a generic 0x03 reply for
         * other parameters - enough to keep Avrdude happy
	 */
	putch(0x03);
   3fc88:	83 e0       	ldi	r24, 0x03	; 3
   3fc8a:	bd d0       	rcall	.+378    	; 0x3fe06 <putch>
   3fc8c:	a9 c0       	rjmp	.+338    	; 0x3fde0 <main+0x1dc>
      }
    }
    else if(ch == STK_SET_DEVICE) {
   3fc8e:	82 34       	cpi	r24, 0x42	; 66
   3fc90:	11 f4       	brne	.+4      	; 0x3fc96 <main+0x92>
      // SET DEVICE is ignored
      getNch(20);
   3fc92:	84 e1       	ldi	r24, 0x14	; 20
   3fc94:	03 c0       	rjmp	.+6      	; 0x3fc9c <main+0x98>
    }
    else if(ch == STK_SET_DEVICE_EXT) {
   3fc96:	85 34       	cpi	r24, 0x45	; 69
   3fc98:	19 f4       	brne	.+6      	; 0x3fca0 <main+0x9c>
      // SET DEVICE EXT is ignored
      getNch(5);
   3fc9a:	85 e0       	ldi	r24, 0x05	; 5
   3fc9c:	d5 d0       	rcall	.+426    	; 0x3fe48 <getNch>
   3fc9e:	a0 c0       	rjmp	.+320    	; 0x3fde0 <main+0x1dc>
    }
    else if(ch == STK_LOAD_ADDRESS) {
   3fca0:	85 35       	cpi	r24, 0x55	; 85
   3fca2:	79 f4       	brne	.+30     	; 0x3fcc2 <main+0xbe>
      // LOAD ADDRESS
      uint16_t newAddress;
      newAddress = getch();
   3fca4:	b7 d0       	rcall	.+366    	; 0x3fe14 <getch>
   3fca6:	88 2e       	mov	r8, r24
      newAddress = (newAddress & 0xff) | (getch() << 8);
   3fca8:	b5 d0       	rcall	.+362    	; 0x3fe14 <getch>
   3fcaa:	91 2c       	mov	r9, r1
   3fcac:	98 2a       	or	r9, r24
#ifdef RAMPZ
      // Transfer top bit to LSB in RAMPZ
      if (newAddress & 0x8000) {
        RAMPZ |= 0x01;
   3fcae:	8b b7       	in	r24, 0x3b	; 59
      uint16_t newAddress;
      newAddress = getch();
      newAddress = (newAddress & 0xff) | (getch() << 8);
#ifdef RAMPZ
      // Transfer top bit to LSB in RAMPZ
      if (newAddress & 0x8000) {
   3fcb0:	97 fe       	sbrs	r9, 7
   3fcb2:	02 c0       	rjmp	.+4      	; 0x3fcb8 <main+0xb4>
        RAMPZ |= 0x01;
   3fcb4:	81 60       	ori	r24, 0x01	; 1
   3fcb6:	01 c0       	rjmp	.+2      	; 0x3fcba <main+0xb6>
      }
      else {
        RAMPZ &= 0xFE;
   3fcb8:	8e 7f       	andi	r24, 0xFE	; 254
   3fcba:	8b bf       	out	0x3b, r24	; 59
      }
#endif
      newAddress += newAddress; // Convert from word address to byte address
   3fcbc:	88 0c       	add	r8, r8
   3fcbe:	99 1c       	adc	r9, r9
   3fcc0:	8e c0       	rjmp	.+284    	; 0x3fdde <main+0x1da>
      address = newAddress;
      verifySpace();
    }
    else if(ch == STK_UNIVERSAL) {
   3fcc2:	86 35       	cpi	r24, 0x56	; 86
   3fcc4:	81 f4       	brne	.+32     	; 0x3fce6 <main+0xe2>
#ifdef RAMPZ
      // LOAD_EXTENDED_ADDRESS is needed in STK_UNIVERSAL for addressing more than 128kB
      if ( AVR_OP_LOAD_EXT_ADDR == getch() ) {
   3fcc6:	a6 d0       	rcall	.+332    	; 0x3fe14 <getch>
   3fcc8:	8d 34       	cpi	r24, 0x4D	; 77
   3fcca:	49 f4       	brne	.+18     	; 0x3fcde <main+0xda>
        // get address
        getch();  // get '0'
   3fccc:	a3 d0       	rcall	.+326    	; 0x3fe14 <getch>
        RAMPZ = (RAMPZ & 0x01) | ((getch() << 1) & 0xff);  // get address and put it in RAPMZ
   3fcce:	1b b7       	in	r17, 0x3b	; 59
   3fcd0:	a1 d0       	rcall	.+322    	; 0x3fe14 <getch>
   3fcd2:	88 0f       	add	r24, r24
   3fcd4:	11 70       	andi	r17, 0x01	; 1
   3fcd6:	81 2b       	or	r24, r17
   3fcd8:	8b bf       	out	0x3b, r24	; 59
        getNch(1); // get last '0'
   3fcda:	81 e0       	ldi	r24, 0x01	; 1
   3fcdc:	01 c0       	rjmp	.+2      	; 0x3fce0 <main+0xdc>
        // response
        putch(0x00);
      }
      else {
        // everything else is ignored
        getNch(3);
   3fcde:	83 e0       	ldi	r24, 0x03	; 3
   3fce0:	b3 d0       	rcall	.+358    	; 0x3fe48 <getNch>
        putch(0x00);
   3fce2:	80 e0       	ldi	r24, 0x00	; 0
   3fce4:	d2 cf       	rjmp	.-92     	; 0x3fc8a <main+0x86>
      getNch(4);
      putch(0x00);
#endif
    }
    /* Write memory, length is big endian and is in bytes */
    else if(ch == STK_PROG_PAGE) {
   3fce6:	84 36       	cpi	r24, 0x64	; 100
   3fce8:	09 f0       	breq	.+2      	; 0x3fcec <main+0xe8>
   3fcea:	48 c0       	rjmp	.+144    	; 0x3fd7c <main+0x178>
      // PROGRAM PAGE - we support flash programming only, not EEPROM
      uint8_t desttype;
      uint8_t *bufPtr;
      pagelen_t savelength;

      GETLENGTH(length);
   3fcec:	93 d0       	rcall	.+294    	; 0x3fe14 <getch>
   3fcee:	e8 2e       	mov	r14, r24
   3fcf0:	f1 2c       	mov	r15, r1
   3fcf2:	fe 2c       	mov	r15, r14
   3fcf4:	ee 24       	eor	r14, r14
   3fcf6:	8e d0       	rcall	.+284    	; 0x3fe14 <getch>
   3fcf8:	e8 2a       	or	r14, r24
      savelength = length;
      desttype = getch();
   3fcfa:	8c d0       	rcall	.+280    	; 0x3fe14 <getch>
   3fcfc:	b8 2e       	mov	r11, r24
      // PROGRAM PAGE - we support flash programming only, not EEPROM
      uint8_t desttype;
      uint8_t *bufPtr;
      pagelen_t savelength;

      GETLENGTH(length);
   3fcfe:	87 01       	movw	r16, r14
      savelength = length;
      desttype = getch();
   3fd00:	c1 2c       	mov	r12, r1
   3fd02:	32 e0       	ldi	r19, 0x02	; 2
   3fd04:	d3 2e       	mov	r13, r19

      // read a page worth of contents
      bufPtr = buff;
      do *bufPtr++ = getch();
   3fd06:	86 d0       	rcall	.+268    	; 0x3fe14 <getch>
   3fd08:	f6 01       	movw	r30, r12
   3fd0a:	81 93       	st	Z+, r24
   3fd0c:	6f 01       	movw	r12, r30
      while (--length);
   3fd0e:	01 50       	subi	r16, 0x01	; 1
   3fd10:	11 09       	sbc	r17, r1
   3fd12:	c9 f7       	brne	.-14     	; 0x3fd06 <main+0x102>

      // Read command terminator, start reply
      verifySpace();
   3fd14:	91 d0       	rcall	.+290    	; 0x3fe38 <verifySpace>
 * void writebuffer(memtype, buffer, address, length)
 */
static inline void writebuffer(int8_t memtype, uint8_t *mybuff,
			       uint16_t address, pagelen_t len)
{
    switch (memtype) {
   3fd16:	f5 e4       	ldi	r31, 0x45	; 69
   3fd18:	bf 12       	cpse	r11, r31
   3fd1a:	12 c0       	rjmp	.+36     	; 0x3fd40 <main+0x13c>
   3fd1c:	e8 0c       	add	r14, r8
   3fd1e:	f9 1c       	adc	r15, r9
   3fd20:	84 01       	movw	r16, r8
   3fd22:	c1 2c       	mov	r12, r1
   3fd24:	92 e0       	ldi	r25, 0x02	; 2
   3fd26:	d9 2e       	mov	r13, r25
    case 'E': // EEPROM
#if defined(SUPPORT_EEPROM) || defined(BIGBOOT)
        while(len--) {
   3fd28:	0e 15       	cp	r16, r14
   3fd2a:	1f 05       	cpc	r17, r15
   3fd2c:	09 f4       	brne	.+2      	; 0x3fd30 <main+0x12c>
   3fd2e:	58 c0       	rjmp	.+176    	; 0x3fde0 <main+0x1dc>
	    eeprom_write_byte((uint8_t *)(address++), *mybuff++);
   3fd30:	f6 01       	movw	r30, r12
   3fd32:	61 91       	ld	r22, Z+
   3fd34:	6f 01       	movw	r12, r30
   3fd36:	c8 01       	movw	r24, r16
   3fd38:	9c d0       	rcall	.+312    	; 0x3fe72 <__eewr_byte_m2560>
   3fd3a:	0f 5f       	subi	r16, 0xFF	; 255
   3fd3c:	1f 4f       	sbci	r17, 0xFF	; 255
   3fd3e:	f4 cf       	rjmp	.-24     	; 0x3fd28 <main+0x124>
	     * Start the page erase and wait for it to finish.  There
	     * used to be code to do this while receiving the data over
	     * the serial link, but the performance improvement was slight,
	     * and we needed the space back.
	     */
	    do_spm((uint16_t)(void*)address,__BOOT_PAGE_ERASE,0);
   3fd40:	40 e0       	ldi	r20, 0x00	; 0
   3fd42:	50 e0       	ldi	r21, 0x00	; 0
   3fd44:	63 e0       	ldi	r22, 0x03	; 3
   3fd46:	c4 01       	movw	r24, r8
   3fd48:	4e d0       	rcall	.+156    	; 0x3fde6 <do_spm>
   3fd4a:	00 e0       	ldi	r16, 0x00	; 0
   3fd4c:	10 e0       	ldi	r17, 0x00	; 0
   3fd4e:	f8 01       	movw	r30, r16
   3fd50:	fe 5f       	subi	r31, 0xFE	; 254
	    /*
	     * Copy data from the buffer into the flash write buffer.
	     */
	    do {
		uint16_t a;
		a = *bufPtr++;
   3fd52:	40 81       	ld	r20, Z
   3fd54:	31 96       	adiw	r30, 0x01	; 1
		a |= (*bufPtr++) << 8;
   3fd56:	80 81       	ld	r24, Z
   3fd58:	50 e0       	ldi	r21, 0x00	; 0
   3fd5a:	58 2b       	or	r21, r24
		do_spm((uint16_t)(void*)addrPtr,__BOOT_PAGE_FILL,a);
   3fd5c:	61 e0       	ldi	r22, 0x01	; 1
   3fd5e:	c8 01       	movw	r24, r16
   3fd60:	88 0d       	add	r24, r8
   3fd62:	99 1d       	adc	r25, r9
   3fd64:	40 d0       	rcall	.+128    	; 0x3fde6 <do_spm>
   3fd66:	0e 5f       	subi	r16, 0xFE	; 254
   3fd68:	1f 4f       	sbci	r17, 0xFF	; 255
		addrPtr += 2;
	    } while (len -= 2);
   3fd6a:	e0 16       	cp	r14, r16
   3fd6c:	f1 06       	cpc	r15, r17
   3fd6e:	79 f7       	brne	.-34     	; 0x3fd4e <main+0x14a>

	    /*
	     * Actually Write the buffer to flash (and wait for it to finish.)
	     */
	    do_spm((uint16_t)(void*)address,__BOOT_PAGE_WRITE,0);
   3fd70:	40 e0       	ldi	r20, 0x00	; 0
   3fd72:	50 e0       	ldi	r21, 0x00	; 0
   3fd74:	65 e0       	ldi	r22, 0x05	; 5
   3fd76:	c4 01       	movw	r24, r8
   3fd78:	36 d0       	rcall	.+108    	; 0x3fde6 <do_spm>
   3fd7a:	32 c0       	rjmp	.+100    	; 0x3fde0 <main+0x1dc>
      writebuffer(desttype, buff, address, savelength);


    }
    /* Read memory block mode, length is big endian.  */
    else if(ch == STK_READ_PAGE) {
   3fd7c:	84 37       	cpi	r24, 0x74	; 116
   3fd7e:	11 f5       	brne	.+68     	; 0x3fdc4 <main+0x1c0>
      uint8_t desttype;
      GETLENGTH(length);
   3fd80:	49 d0       	rcall	.+146    	; 0x3fe14 <getch>
   3fd82:	08 2f       	mov	r16, r24
   3fd84:	10 e0       	ldi	r17, 0x00	; 0
   3fd86:	10 2f       	mov	r17, r16
   3fd88:	00 27       	eor	r16, r16
   3fd8a:	44 d0       	rcall	.+136    	; 0x3fe14 <getch>
   3fd8c:	08 2b       	or	r16, r24

      desttype = getch();
   3fd8e:	42 d0       	rcall	.+132    	; 0x3fe14 <getch>

      verifySpace();
   3fd90:	89 83       	std	Y+1, r24	; 0x01
   3fd92:	52 d0       	rcall	.+164    	; 0x3fe38 <verifySpace>

static inline void read_mem(uint8_t memtype, uint16_t address, pagelen_t length)
{
    uint8_t ch;

    switch (memtype) {
   3fd94:	89 81       	ldd	r24, Y+1	; 0x01
   3fd96:	74 01       	movw	r14, r8
   3fd98:	85 34       	cpi	r24, 0x45	; 69
   3fd9a:	61 f4       	brne	.+24     	; 0x3fdb4 <main+0x1b0>

#if defined(SUPPORT_EEPROM) || defined(BIGBOOT)
    case 'E': // EEPROM
	do {
	    putch(eeprom_read_byte((uint8_t *)(address++)));
   3fd9c:	c7 01       	movw	r24, r14
   3fd9e:	61 d0       	rcall	.+194    	; 0x3fe62 <__eerd_byte_m2560>
   3fda0:	32 d0       	rcall	.+100    	; 0x3fe06 <putch>
	} while (--length);
   3fda2:	01 50       	subi	r16, 0x01	; 1
   3fda4:	11 09       	sbc	r17, r1
   3fda6:	ff ef       	ldi	r31, 0xFF	; 255
   3fda8:	ef 1a       	sub	r14, r31
   3fdaa:	ff 0a       	sbc	r15, r31
   3fdac:	01 15       	cp	r16, r1
   3fdae:	11 05       	cpc	r17, r1
   3fdb0:	a9 f7       	brne	.-22     	; 0x3fd9c <main+0x198>
   3fdb2:	16 c0       	rjmp	.+44     	; 0x3fde0 <main+0x1dc>
	    __asm__ ("elpm %0,Z+\n" : "=r" (ch), "=z" (address): "1" (address));
#else
	    // read a Flash byte and increment the address
	    __asm__ ("lpm %0,Z+\n" : "=r" (ch), "=z" (address): "1" (address));
#endif
	    putch(ch);
   3fdb4:	f7 01       	movw	r30, r14
   3fdb6:	87 91       	elpm	r24, Z+
   3fdb8:	7f 01       	movw	r14, r30
   3fdba:	25 d0       	rcall	.+74     	; 0x3fe06 <putch>
	} while (--length);
   3fdbc:	01 50       	subi	r16, 0x01	; 1
   3fdbe:	11 09       	sbc	r17, r1
   3fdc0:	c9 f7       	brne	.-14     	; 0x3fdb4 <main+0x1b0>
   3fdc2:	0e c0       	rjmp	.+28     	; 0x3fde0 <main+0x1dc>

      read_mem(desttype, address, length);
    }

    /* Get device signature bytes  */
    else if(ch == STK_READ_SIGN) {
   3fdc4:	85 37       	cpi	r24, 0x75	; 117
   3fdc6:	39 f4       	brne	.+14     	; 0x3fdd6 <main+0x1d2>
      // READ SIGN - return what Avrdude wants to hear
      verifySpace();
   3fdc8:	37 d0       	rcall	.+110    	; 0x3fe38 <verifySpace>
      putch(SIGNATURE_0);
   3fdca:	8e e1       	ldi	r24, 0x1E	; 30
   3fdcc:	1c d0       	rcall	.+56     	; 0x3fe06 <putch>
      putch(SIGNATURE_1);
   3fdce:	88 e9       	ldi	r24, 0x98	; 152
   3fdd0:	1a d0       	rcall	.+52     	; 0x3fe06 <putch>
      putch(SIGNATURE_2);
   3fdd2:	81 e0       	ldi	r24, 0x01	; 1
   3fdd4:	5a cf       	rjmp	.-332    	; 0x3fc8a <main+0x86>
    }
    else if (ch == STK_LEAVE_PROGMODE) { /* 'Q' */
   3fdd6:	81 35       	cpi	r24, 0x51	; 81
   3fdd8:	11 f4       	brne	.+4      	; 0x3fdde <main+0x1da>
      // Adaboot no-wait mod
      watchdogConfig(WATCHDOG_16MS);
   3fdda:	88 e0       	ldi	r24, 0x08	; 8
   3fddc:	27 d0       	rcall	.+78     	; 0x3fe2c <watchdogConfig>
      verifySpace();
    }
    else {
      // This covers the response to commands like STK_ENTER_PROGMODE
      verifySpace();
   3fdde:	2c d0       	rcall	.+88     	; 0x3fe38 <verifySpace>
    }
    putch(STK_OK);
   3fde0:	80 e1       	ldi	r24, 0x10	; 16
   3fde2:	11 d0       	rcall	.+34     	; 0x3fe06 <putch>
  }
   3fde4:	42 cf       	rjmp	.-380    	; 0x3fc6a <main+0x66>

0003fde6 <do_spm>:
 *   you could do fill-erase-write sequence with data!=0 in ERASE and
 *   data=0 in WRITE
 */
static void do_spm(uint16_t address, uint8_t command, uint16_t data) {
    // Do spm stuff
    asm volatile (
   3fde6:	fc 01       	movw	r30, r24
   3fde8:	0a 01       	movw	r0, r20
   3fdea:	67 bf       	out	0x37, r22	; 55
   3fdec:	e8 95       	spm
   3fdee:	11 24       	eor	r1, r1
    );

    // wait for spm to complete
    //   it doesn't have much sense for __BOOT_PAGE_FILL,
    //   but it doesn't hurt and saves some bytes on 'if'
    boot_spm_busy_wait();
   3fdf0:	07 b6       	in	r0, 0x37	; 55
   3fdf2:	00 fc       	sbrc	r0, 0
   3fdf4:	fd cf       	rjmp	.-6      	; 0x3fdf0 <do_spm+0xa>
#if defined(RWWSRE)
    // this 'if' condition should be: (command == __BOOT_PAGE_WRITE || command == __BOOT_PAGE_ERASE)...
    // but it's tweaked a little assuming that in every command we are interested in here, there
    // must be also SELFPRGEN set. If we skip checking this bit, we save here 4B
    if ((command & (_BV(PGWRT)|_BV(PGERS))) && (data == 0) ) {
   3fdf6:	66 70       	andi	r22, 0x06	; 6
   3fdf8:	29 f0       	breq	.+10     	; 0x3fe04 <do_spm+0x1e>
   3fdfa:	45 2b       	or	r20, r21
   3fdfc:	19 f4       	brne	.+6      	; 0x3fe04 <do_spm+0x1e>
      // Reenable read access to flash
      boot_rww_enable();
   3fdfe:	81 e1       	ldi	r24, 0x11	; 17
   3fe00:	87 bf       	out	0x37, r24	; 55
   3fe02:	e8 95       	spm
   3fe04:	08 95       	ret

0003fe06 <putch>:
  }
}

void putch(char ch) {
#ifndef SOFT_UART
  while (!(UART_SRA & _BV(UDRE0)));
   3fe06:	90 91 c0 00 	lds	r25, 0x00C0
   3fe0a:	95 ff       	sbrs	r25, 5
   3fe0c:	fc cf       	rjmp	.-8      	; 0x3fe06 <putch>
  UART_UDR = ch;
   3fe0e:	80 93 c6 00 	sts	0x00C6, r24
   3fe12:	08 95       	ret

0003fe14 <getch>:
      [uartBit] "I" (UART_RX_BIT)
    :
      "r25"
);
#else
  while(!(UART_SRA & _BV(RXC0)))
   3fe14:	80 91 c0 00 	lds	r24, 0x00C0
   3fe18:	87 ff       	sbrs	r24, 7
   3fe1a:	fc cf       	rjmp	.-8      	; 0x3fe14 <getch>
    ;
  if (!(UART_SRA & _BV(FE0))) {
   3fe1c:	80 91 c0 00 	lds	r24, 0x00C0
   3fe20:	84 fd       	sbrc	r24, 4
   3fe22:	01 c0       	rjmp	.+2      	; 0x3fe26 <getch+0x12>
}
#endif

// Watchdog functions. These are only safe with interrupts turned off.
void watchdogReset() {
  __asm__ __volatile__ (
   3fe24:	a8 95       	wdr
       * don't care that an invalid char is returned...)
       */
    watchdogReset();
  }

  ch = UART_UDR;
   3fe26:	80 91 c6 00 	lds	r24, 0x00C6
  LED_PIN |= _BV(LED);
#endif
#endif

  return ch;
}
   3fe2a:	08 95       	ret

0003fe2c <watchdogConfig>:
    "wdr\n"
  );
}

void watchdogConfig(uint8_t x) {
  WDTCSR = _BV(WDCE) | _BV(WDE);
   3fe2c:	e0 e6       	ldi	r30, 0x60	; 96
   3fe2e:	f0 e0       	ldi	r31, 0x00	; 0
   3fe30:	98 e1       	ldi	r25, 0x18	; 24
   3fe32:	90 83       	st	Z, r25
  WDTCSR = x;
   3fe34:	80 83       	st	Z, r24
   3fe36:	08 95       	ret

0003fe38 <verifySpace>:
  do getch(); while (--count);
  verifySpace();
}

void verifySpace() {
  if (getch() != CRC_EOP) {
   3fe38:	ed df       	rcall	.-38     	; 0x3fe14 <getch>
   3fe3a:	80 32       	cpi	r24, 0x20	; 32
   3fe3c:	19 f0       	breq	.+6      	; 0x3fe44 <verifySpace+0xc>
    watchdogConfig(WATCHDOG_16MS);    // shorten WD timeout
   3fe3e:	88 e0       	ldi	r24, 0x08	; 8
   3fe40:	f5 df       	rcall	.-22     	; 0x3fe2c <watchdogConfig>
   3fe42:	ff cf       	rjmp	.-2      	; 0x3fe42 <verifySpace+0xa>
    while (1)			      // and busy-loop so that WD causes
      ;				      //  a reset and app start.
  }
  putch(STK_INSYNC);
   3fe44:	84 e1       	ldi	r24, 0x14	; 20
   3fe46:	df cf       	rjmp	.-66     	; 0x3fe06 <putch>

0003fe48 <getNch>:
    ::[count] "M" (UART_B_VALUE)
  );
}
#endif

void getNch(uint8_t count) {
   3fe48:	cf 93       	push	r28
   3fe4a:	c8 2f       	mov	r28, r24
  do getch(); while (--count);
   3fe4c:	e3 df       	rcall	.-58     	; 0x3fe14 <getch>
   3fe4e:	c1 50       	subi	r28, 0x01	; 1
   3fe50:	e9 f7       	brne	.-6      	; 0x3fe4c <getNch+0x4>
  verifySpace();
}
   3fe52:	cf 91       	pop	r28
}
#endif

void getNch(uint8_t count) {
  do getch(); while (--count);
  verifySpace();
   3fe54:	f1 cf       	rjmp	.-30     	; 0x3fe38 <verifySpace>

0003fe56 <appStart>:

void appStart(uint8_t rstFlags) {
  // save the reset flags in the designated register
  //  This can be saved in a main program by putting code in .init0 (which
  //  executes before normal c init code) to save R2 to a global variable.
  __asm__ __volatile__ ("mov r2, %0\n" :: "r" (rstFlags));
   3fe56:	28 2e       	mov	r2, r24

  watchdogConfig(WATCHDOG_OFF);
   3fe58:	80 e0       	ldi	r24, 0x00	; 0
   3fe5a:	e8 df       	rcall	.-48     	; 0x3fe2c <watchdogConfig>
  // Note that appstart_vec is defined so that this works with either
  // real or virtual boot partitions.
  __asm__ __volatile__ (
   3fe5c:	e0 e0       	ldi	r30, 0x00	; 0
   3fe5e:	ff 27       	eor	r31, r31
   3fe60:	09 94       	ijmp

0003fe62 <__eerd_byte_m2560>:
   3fe62:	f9 99       	sbic	0x1f, 1	; 31
   3fe64:	fe cf       	rjmp	.-4      	; 0x3fe62 <__eerd_byte_m2560>
   3fe66:	92 bd       	out	0x22, r25	; 34
   3fe68:	81 bd       	out	0x21, r24	; 33
   3fe6a:	f8 9a       	sbi	0x1f, 0	; 31
   3fe6c:	99 27       	eor	r25, r25
   3fe6e:	80 b5       	in	r24, 0x20	; 32
   3fe70:	08 95       	ret

0003fe72 <__eewr_byte_m2560>:
   3fe72:	26 2f       	mov	r18, r22

0003fe74 <__eewr_r18_m2560>:
   3fe74:	f9 99       	sbic	0x1f, 1	; 31
   3fe76:	fe cf       	rjmp	.-4      	; 0x3fe74 <__eewr_r18_m2560>
   3fe78:	1f ba       	out	0x1f, r1	; 31
   3fe7a:	92 bd       	out	0x22, r25	; 34
   3fe7c:	81 bd       	out	0x21, r24	; 33
   3fe7e:	20 bd       	out	0x20, r18	; 32
   3fe80:	0f b6       	in	r0, 0x3f	; 63
   3fe82:	f8 94       	cli
   3fe84:	fa 9a       	sbi	0x1f, 2	; 31
   3fe86:	f9 9a       	sbi	0x1f, 1	; 31
   3fe88:	0f be       	out	0x3f, r0	; 63
   3fe8a:	01 96       	adiw	r24, 0x01	; 1
   3fe8c:	08 95       	ret
